siteId is: S41JwTap
Media found for: z7LeOSy3  header:  video/mp4
Media found for: STWYoBQy  header:  video/mp4
Media found for: ShsIhtjD  header:  video/mp4
Media found for: WA2YRETv  header:  video/mp4
Media found for: bhYOD2lh  header:  video/mp4
Media found for: OcrzCmeQ  header:  video/mp4
Media found for: KsNGVhDC  header:  video/mp4
Media found for: 7ty2vdqv  header:  video/mp4
Media found for: BvO0DGKx  header:  video/mp4
Media found for: lRHa169A  header:  video/mp4
Media found for: oNXIN6o7  header:  video/mp4
Media found for: dLQcrjtK  header:  video/mp4
Media found for: JCfDUlyc  header:  video/mp4
Media found for: dGGAAB8K  header:  video/mp4
Media found for: YV7VLEaL  header:  video/mp4
Media found for: 46TnEjfh  header:  video/mp4
Media found for: cjHTTk1f  header:  video/mp4
Media found for: NaeI0WU9  header:  video/mp4
Media found for: 2DguMbbN  header:  video/mp4
Media found for: J6YVXB0m  header:  video/mp4
Media found for: J4ichn8V  header:  video/mp4
Media found for: Z1njjhxI  header:  video/mp4
Media found for: ifmEehac  header:  video/mp4
Media found for: FZkzwQrg  header:  video/mp4
Media found for: IKm6sdvP  header:  video/mp4
Media found for: a3VObsWz  header:  video/mp4
Media found for: GpCO2xuz  header:  video/mp4
Media found for: RnHpBoPM  header:  video/mp4
Media found for: LBgmUfoi  header:  video/mp4
Media found for: qQ7iQMnh  header:  video/mp4
Media found for: LvqIgGIp  header:  video/mp4
Media found for: gnuko5m5  header:  video/mp4
Media found for: SiwKGqYw  header:  video/mp4
Media found for: 5XTTWF9G  header:  video/mp4
Media found for: tuxHnKuF  header:  video/mp4
Media found for: Xp8yWBYZ  header:  video/mp4
Media found for: aqoF3CEa  header:  video/mp4
Media found for: 9UADz6Qb  header:  video/mp4
Media found for: WVBxvuuB  header:  video/mp4
Media found for: qahTFk7a  header:  video/mp4
Media found for: ZxfPNKJt  header:  video/mp4
Media found for: vpnZLIMk  header:  video/mp4
Media found for: iAIdaSQM  header:  video/mp4
Media found for: ZRLIsMBx  header:  video/mp4
Media found for: QkmNzhul  header:  video/mp4
Media found for: wLQ7eipW  header:  video/mp4
Media found for: 4Uw9tJm9  header:  video/mp4
Media found for: 6CDjUfdy  header:  video/mp4
Media found for: rgGcBnZ1  header:  video/mp4
