[     207ms] [ERROR] Failed to load resource: the server responded with a status of 401 () @ https://gymnasticbodies-2f3mccsce-technologicdigitalservices.vercel.app/renew?email=dhutsal@gmail.com:0
[     670ms] [ERROR] Loading the font 'https://k2mkucxia43oc7fa.public.blob.vercel-storage.com/front/fonts/space-mono/space-mono-v11-latin-regular.woff2' violates the following Content Security Policy directive: "font-src 'self' *.vercel.com *.gstatic.com vercel.live". The action has been blocked. @ https://vercel.com/login?next=%2Fsso-api%3Furl%3Dhttps%253A%252F%252Fgymnasticbodies-2f3mccsce-technologicdigitalservices.vercel.app%252Frenew%253Femail%253Ddhutsal%252540gmail.com%26nonce%3Dc3a6a4446851c42f37fca8134ce2a8499b0826d3b6e81198ddf8285840a5da2b:76
[     762ms] [LOG] %c
▲

 _____ _              _                    _   _             __
|_   _| |__   ___    / \   __ _  ___ _ __ | |_(_) ___       / /
  | | | '_ \ / _ \  / _ \ / _` |/ _ \ '_ \| __| |/ __|     / /
  | | | | | |  __/ / ___ \ (_| |  __/ | | | |_| | (__     /_/
  |_| |_| |_|\___|/_/   \_\__, |\___|_| |_|\__|_|\___|    (_)
                           |___/
 ___        __               _                   _                 _
|_ _|_ __  / _|_ __ __ _ ___| |_ _ __ _   _  ___| |_ _   _ _ __ ___
 | || '_ \| |_| '__/ _` / __| __| '__| | | |/ __| __| | | | '__/ _ \
 | || | | |  _| | | (_| \__ \ |_| |  | |_| | (__| |_| |_| | | |  __/
|___|_| |_|_| |_|  \__,_|___/\__|_|   \__,_|\___|\__|\__,_|_|  \___|
  

Hello!

- Open Source https://vercel.com/oss
- Careers https://vercel.com/careers
- Status https://vercel-status.com

 font-family: "Geist Mono", monospace; white-space: pre; line-height: 1; @ https://vercel.com/_next/static/chunks/1lqhfr_v8dbhg.js?dpl=dpl_8enb3f8jVTRM7uebYvXmZ6ESxbEu:78
[    1428ms] [ERROR] Failed to load resource: net::ERR_CERT_DATE_INVALID @ https://cdn1.vercel.com/vercel.svg:0
[    1480ms] [WARNING] [GSI_LOGGER]: Your client application uses one of the Google One Tap prompt UI status methods that may stop functioning when FedCM becomes mandatory. Refer to the migration guide to update your code accordingly and opt-in to FedCM to test your changes. Learn more: https://developers.google.com/identity/gsi/web/guides/fedcm-migration?s=dc#display_moment and https://developers.google.com/identity/gsi/web/guides/fedcm-migration?s=dc#skipped_moment @ https://accounts.google.com/gsi/client:84
[    1498ms] [WARNING] Deprecated API for given entry type. @ https://vercel.com/_next/static/chunks/2h_unza8lnix5.js?dpl=dpl_8enb3f8jVTRM7uebYvXmZ6ESxbEu:18
[    1501ms] [ERROR] Not signed in with the identity provider. @ https://vercel.com/login?next=%2Fsso-api%3Furl%3Dhttps%253A%252F%252Fgymnasticbodies-2f3mccsce-technologicdigitalservices.vercel.app%252Frenew%253Femail%253Ddhutsal%252540gmail.com%26nonce%3Dc3a6a4446851c42f37fca8134ce2a8499b0826d3b6e81198ddf8285840a5da2b:0
[    1659ms] [ERROR] Failed to load resource: the server responded with a status of 403 () @ https://vercel.com/api/jwt:0
[    3565ms] [ERROR] [GSI_LOGGER]: FedCM get() rejects with NetworkError: Error retrieving a token. @ https://vercel.com/_next/static/chunks/3tij3kddng_xu.js?dpl=dpl_8enb3f8jVTRM7uebYvXmZ6ESxbEu:1
[    3592ms] [ERROR] Failed to load resource: the server responded with a status of 429 () @ https://o205439.ingest.sentry.io/api/1323670/envelope/?sentry_key=d00780d432ac4ccf882f60dd02062e14&sentry_version=7&sentry_client=sentry.javascript.browser%2F7.111.0:0
[    6647ms] [WARNING] The resource https://vercel.com/_next/static/media/ebay-dark.34mho2a18qqlt.svg?dpl=dpl_8enb3f8jVTRM7uebYvXmZ6ESxbEu was preloaded using link preload but not used within a few seconds from the window's load event. Please make sure it has an appropriate `as` value and it is preloaded intentionally. @ https://vercel.com/login?next=%2Fsso-api%3Furl%3Dhttps%253A%252F%252Fgymnasticbodies-2f3mccsce-technologicdigitalservices.vercel.app%252Frenew%253Femail%253Ddhutsal%252540gmail.com%26nonce%3Dc3a6a4446851c42f37fca8134ce2a8499b0826d3b6e81198ddf8285840a5da2b:0
[    6647ms] [WARNING] The resource https://vercel.com/_next/static/media/adobe-light.406_7oryl71va.svg?dpl=dpl_8enb3f8jVTRM7uebYvXmZ6ESxbEu was preloaded using link preload but not used within a few seconds from the window's load event. Please make sure it has an appropriate `as` value and it is preloaded intentionally. @ https://vercel.com/login?next=%2Fsso-api%3Furl%3Dhttps%253A%252F%252Fgymnasticbodies-2f3mccsce-technologicdigitalservices.vercel.app%252Frenew%253Femail%253Ddhutsal%252540gmail.com%26nonce%3Dc3a6a4446851c42f37fca8134ce2a8499b0826d3b6e81198ddf8285840a5da2b:0
[    6647ms] [WARNING] The resource https://vercel.com/_next/static/media/stripe-dark.16ozjth2vgb_3.svg?dpl=dpl_8enb3f8jVTRM7uebYvXmZ6ESxbEu was preloaded using link preload but not used within a few seconds from the window's load event. Please make sure it has an appropriate `as` value and it is preloaded intentionally. @ https://vercel.com/login?next=%2Fsso-api%3Furl%3Dhttps%253A%252F%252Fgymnasticbodies-2f3mccsce-technologicdigitalservices.vercel.app%252Frenew%253Femail%253Ddhutsal%252540gmail.com%26nonce%3Dc3a6a4446851c42f37fca8134ce2a8499b0826d3b6e81198ddf8285840a5da2b:0
[    6647ms] [WARNING] The resource https://vercel.com/_next/static/chunks/3zh4ff4r2p8nj.css?dpl=dpl_8enb3f8jVTRM7uebYvXmZ6ESxbEu was preloaded using link preload but not used within a few seconds from the window's load event. Please make sure it has an appropriate `as` value and it is preloaded intentionally. @ https://vercel.com/login?next=%2Fsso-api%3Furl%3Dhttps%253A%252F%252Fgymnasticbodies-2f3mccsce-technologicdigitalservices.vercel.app%252Frenew%253Femail%253Ddhutsal%252540gmail.com%26nonce%3Dc3a6a4446851c42f37fca8134ce2a8499b0826d3b6e81198ddf8285840a5da2b:0
[    6647ms] [WARNING] The resource https://vercel.com/_next/static/chunks/0aw3ic5idiiqw.css?dpl=dpl_8enb3f8jVTRM7uebYvXmZ6ESxbEu was preloaded using link preload but not used within a few seconds from the window's load event. Please make sure it has an appropriate `as` value and it is preloaded intentionally. @ https://vercel.com/login?next=%2Fsso-api%3Furl%3Dhttps%253A%252F%252Fgymnasticbodies-2f3mccsce-technologicdigitalservices.vercel.app%252Frenew%253Femail%253Ddhutsal%252540gmail.com%26nonce%3Dc3a6a4446851c42f37fca8134ce2a8499b0826d3b6e81198ddf8285840a5da2b:0
[    6647ms] [WARNING] The resource https://vercel.com/_next/static/media/stripe-light.2l_1jctpe6k_4.svg?dpl=dpl_8enb3f8jVTRM7uebYvXmZ6ESxbEu was preloaded using link preload but not used within a few seconds from the window's load event. Please make sure it has an appropriate `as` value and it is preloaded intentionally. @ https://vercel.com/login?next=%2Fsso-api%3Furl%3Dhttps%253A%252F%252Fgymnasticbodies-2f3mccsce-technologicdigitalservices.vercel.app%252Frenew%253Femail%253Ddhutsal%252540gmail.com%26nonce%3Dc3a6a4446851c42f37fca8134ce2a8499b0826d3b6e81198ddf8285840a5da2b:0
[    6647ms] [WARNING] The resource https://vercel.com/_next/static/media/ebay-light.3ft_ki8203ov0.svg?dpl=dpl_8enb3f8jVTRM7uebYvXmZ6ESxbEu was preloaded using link preload but not used within a few seconds from the window's load event. Please make sure it has an appropriate `as` value and it is preloaded intentionally. @ https://vercel.com/login?next=%2Fsso-api%3Furl%3Dhttps%253A%252F%252Fgymnasticbodies-2f3mccsce-technologicdigitalservices.vercel.app%252Frenew%253Femail%253Ddhutsal%252540gmail.com%26nonce%3Dc3a6a4446851c42f37fca8134ce2a8499b0826d3b6e81198ddf8285840a5da2b:0
[    6647ms] [WARNING] The resource https://vercel.com/_next/static/chunks/3yhhigzsi2k6d.css?dpl=dpl_8enb3f8jVTRM7uebYvXmZ6ESxbEu was preloaded using link preload but not used within a few seconds from the window's load event. Please make sure it has an appropriate `as` value and it is preloaded intentionally. @ https://vercel.com/login?next=%2Fsso-api%3Furl%3Dhttps%253A%252F%252Fgymnasticbodies-2f3mccsce-technologicdigitalservices.vercel.app%252Frenew%253Femail%253Ddhutsal%252540gmail.com%26nonce%3Dc3a6a4446851c42f37fca8134ce2a8499b0826d3b6e81198ddf8285840a5da2b:0
[   14961ms] [WARNING] The resource https://vercel.com/_next/static/media/ebay-dark.34mho2a18qqlt.svg?dpl=dpl_8enb3f8jVTRM7uebYvXmZ6ESxbEu was preloaded using link preload but not used within a few seconds from the window's load event. Please make sure it has an appropriate `as` value and it is preloaded intentionally. @ https://vercel.com/login?next=%2Fsso-api%3Furl%3Dhttps%253A%252F%252Fgymnasticbodies-2f3mccsce-technologicdigitalservices.vercel.app%252Frenew%253Femail%253Ddhutsal%252540gmail.com%26nonce%3Dc3a6a4446851c42f37fca8134ce2a8499b0826d3b6e81198ddf8285840a5da2b:0
[   14961ms] [WARNING] The resource https://vercel.com/_next/static/media/adobe-light.406_7oryl71va.svg?dpl=dpl_8enb3f8jVTRM7uebYvXmZ6ESxbEu was preloaded using link preload but not used within a few seconds from the window's load event. Please make sure it has an appropriate `as` value and it is preloaded intentionally. @ https://vercel.com/login?next=%2Fsso-api%3Furl%3Dhttps%253A%252F%252Fgymnasticbodies-2f3mccsce-technologicdigitalservices.vercel.app%252Frenew%253Femail%253Ddhutsal%252540gmail.com%26nonce%3Dc3a6a4446851c42f37fca8134ce2a8499b0826d3b6e81198ddf8285840a5da2b:0
[   14961ms] [WARNING] The resource https://vercel.com/_next/static/media/stripe-dark.16ozjth2vgb_3.svg?dpl=dpl_8enb3f8jVTRM7uebYvXmZ6ESxbEu was preloaded using link preload but not used within a few seconds from the window's load event. Please make sure it has an appropriate `as` value and it is preloaded intentionally. @ https://vercel.com/login?next=%2Fsso-api%3Furl%3Dhttps%253A%252F%252Fgymnasticbodies-2f3mccsce-technologicdigitalservices.vercel.app%252Frenew%253Femail%253Ddhutsal%252540gmail.com%26nonce%3Dc3a6a4446851c42f37fca8134ce2a8499b0826d3b6e81198ddf8285840a5da2b:0
[   14961ms] [WARNING] The resource https://vercel.com/_next/static/chunks/3zh4ff4r2p8nj.css?dpl=dpl_8enb3f8jVTRM7uebYvXmZ6ESxbEu was preloaded using link preload but not used within a few seconds from the window's load event. Please make sure it has an appropriate `as` value and it is preloaded intentionally. @ https://vercel.com/login?next=%2Fsso-api%3Furl%3Dhttps%253A%252F%252Fgymnasticbodies-2f3mccsce-technologicdigitalservices.vercel.app%252Frenew%253Femail%253Ddhutsal%252540gmail.com%26nonce%3Dc3a6a4446851c42f37fca8134ce2a8499b0826d3b6e81198ddf8285840a5da2b:0
[   14961ms] [WARNING] The resource https://vercel.com/_next/static/chunks/0aw3ic5idiiqw.css?dpl=dpl_8enb3f8jVTRM7uebYvXmZ6ESxbEu was preloaded using link preload but not used within a few seconds from the window's load event. Please make sure it has an appropriate `as` value and it is preloaded intentionally. @ https://vercel.com/login?next=%2Fsso-api%3Furl%3Dhttps%253A%252F%252Fgymnasticbodies-2f3mccsce-technologicdigitalservices.vercel.app%252Frenew%253Femail%253Ddhutsal%252540gmail.com%26nonce%3Dc3a6a4446851c42f37fca8134ce2a8499b0826d3b6e81198ddf8285840a5da2b:0
[   14961ms] [WARNING] The resource https://vercel.com/_next/static/media/stripe-light.2l_1jctpe6k_4.svg?dpl=dpl_8enb3f8jVTRM7uebYvXmZ6ESxbEu was preloaded using link preload but not used within a few seconds from the window's load event. Please make sure it has an appropriate `as` value and it is preloaded intentionally. @ https://vercel.com/login?next=%2Fsso-api%3Furl%3Dhttps%253A%252F%252Fgymnasticbodies-2f3mccsce-technologicdigitalservices.vercel.app%252Frenew%253Femail%253Ddhutsal%252540gmail.com%26nonce%3Dc3a6a4446851c42f37fca8134ce2a8499b0826d3b6e81198ddf8285840a5da2b:0
[   14961ms] [WARNING] The resource https://vercel.com/_next/static/media/ebay-light.3ft_ki8203ov0.svg?dpl=dpl_8enb3f8jVTRM7uebYvXmZ6ESxbEu was preloaded using link preload but not used within a few seconds from the window's load event. Please make sure it has an appropriate `as` value and it is preloaded intentionally. @ https://vercel.com/login?next=%2Fsso-api%3Furl%3Dhttps%253A%252F%252Fgymnasticbodies-2f3mccsce-technologicdigitalservices.vercel.app%252Frenew%253Femail%253Ddhutsal%252540gmail.com%26nonce%3Dc3a6a4446851c42f37fca8134ce2a8499b0826d3b6e81198ddf8285840a5da2b:0
[   14961ms] [WARNING] The resource https://vercel.com/_next/static/chunks/3yhhigzsi2k6d.css?dpl=dpl_8enb3f8jVTRM7uebYvXmZ6ESxbEu was preloaded using link preload but not used within a few seconds from the window's load event. Please make sure it has an appropriate `as` value and it is preloaded intentionally. @ https://vercel.com/login?next=%2Fsso-api%3Furl%3Dhttps%253A%252F%252Fgymnasticbodies-2f3mccsce-technologicdigitalservices.vercel.app%252Frenew%253Femail%253Ddhutsal%252540gmail.com%26nonce%3Dc3a6a4446851c42f37fca8134ce2a8499b0826d3b6e81198ddf8285840a5da2b:0
