[      84ms] [INFO] %cDownload the React DevTools for a better development experience: https://react.dev/link/react-devtools font-weight:bold @ http://localhost:3000/_next/static/chunks/node_modules_next_dist_7a8122d0._.js:2287
[      98ms] [LOG] [HMR] connected @ http://localhost:3000/_next/static/chunks/node_modules_next_dist_7a8122d0._.js:2287
[     116ms] [WARNING] Image with src "/images/GFmarkandName.webp" has either width or height modified, but not the other. If you use CSS to change the size of your image, also include the styles 'width: "auto"' or 'height: "auto"' to maintain the aspect ratio. @ http://localhost:3000/_next/static/chunks/node_modules_next_dist_7a8122d0._.js:2287
[     147ms] [WARNING] Image with src "/images/GFmarkandName.webp" was detected as the Largest Contentful Paint (LCP). Please add the `loading="eager"` property if this image is above the fold.
Read more: https://nextjs.org/docs/app/api-reference/components/image#loading @ http://localhost:3000/_next/static/chunks/node_modules_next_dist_7a8122d0._.js:2287
[     150ms] [WARNING] For security reasons, Hotjar only works over HTTPS. Learn more: https://help.hotjar.com/hc/en-us/articles/115011624047 @ http://localhost:3000/_next/static/chunks/node_modules_next_dist_7a8122d0._.js:2287
[     247ms] [WARNING] You may test your Stripe.js integration over HTTP. However, live Stripe.js integrations must use HTTPS. @ http://localhost:3000/_next/static/chunks/node_modules_next_dist_7a8122d0._.js:2287
[    1139ms] [LOG] %c EvalError
    at pO (https://client.px-cloud.net/PXLjsYPz3T/main.min.js:2:66551)
    at rM (https://client.px-cloud.net/PXLjsYPz3T/main.min.js:2:73726)
    at Iv (https://client.px-cloud.net/PXLjsYPz3T/main.min.js:2:212977)
    at It (https://client.px-cloud.net/PXLjsYPz3T/main.min.js:2:212610)
    at https://client.px-cloud.net/PXLjsYPz3T/main.min.js:2:214346
    at https://client.px-cloud.net/PXLjsYPz3T/main.min.js:2:214352
    at https://client.px-cloud.net/PXLjsYPz3T/main.min.js:2:214817 @ https://client.px-cloud.net/PXLjsYPz3T/main.min.js:1
[  246364ms] [LOG] [Fast Refresh] rebuilding @ http://localhost:3000/_next/static/chunks/node_modules_next_dist_7a8122d0._.js:2287
[  246721ms] [LOG] [Fast Refresh] done in 55ms @ http://localhost:3000/_next/static/chunks/node_modules_next_dist_7a8122d0._.js:2287
[  250534ms] [LOG] [Fast Refresh] rebuilding @ http://localhost:3000/_next/static/chunks/node_modules_next_dist_7a8122d0._.js:2287
[  250585ms] [LOG] [Fast Refresh] done in 61ms @ http://localhost:3000/_next/static/chunks/node_modules_next_dist_7a8122d0._.js:2287
[  275155ms] [LOG] [Fast Refresh] rebuilding @ http://localhost:3000/_next/static/chunks/node_modules_next_dist_7a8122d0._.js:2287
[  275157ms] [WARNING] You may test your Stripe.js integration over HTTP. However, live Stripe.js integrations must use HTTPS. @ http://localhost:3000/_next/static/chunks/node_modules_next_dist_7a8122d0._.js:2287
[  275184ms] [LOG] [Fast Refresh] done in 35ms @ http://localhost:3000/_next/static/chunks/node_modules_next_dist_7a8122d0._.js:2287
[  275981ms] [LOG] %c EvalError
    at pO (https://client.px-cloud.net/PXLjsYPz3T/main.min.js:2:66551)
    at rM (https://client.px-cloud.net/PXLjsYPz3T/main.min.js:2:73726)
    at Iv (https://client.px-cloud.net/PXLjsYPz3T/main.min.js:2:212977)
    at It (https://client.px-cloud.net/PXLjsYPz3T/main.min.js:2:212610)
    at https://client.px-cloud.net/PXLjsYPz3T/main.min.js:2:214346
    at https://client.px-cloud.net/PXLjsYPz3T/main.min.js:2:214352
    at https://client.px-cloud.net/PXLjsYPz3T/main.min.js:2:214817 @ https://client.px-cloud.net/PXLjsYPz3T/main.min.js:1
[  284884ms] [LOG] [Fast Refresh] rebuilding @ http://localhost:3000/_next/static/chunks/node_modules_next_dist_7a8122d0._.js:2287
[  284930ms] [LOG] [Fast Refresh] done in 121ms @ http://localhost:3000/_next/static/chunks/node_modules_next_dist_7a8122d0._.js:2287
[  289642ms] [LOG] [Fast Refresh] rebuilding @ http://localhost:3000/_next/static/chunks/node_modules_next_dist_7a8122d0._.js:2287
[  289697ms] [LOG] [Fast Refresh] done in 126ms @ http://localhost:3000/_next/static/chunks/node_modules_next_dist_7a8122d0._.js:2287
[  293835ms] [LOG] [Fast Refresh] rebuilding @ http://localhost:3000/_next/static/chunks/node_modules_next_dist_7a8122d0._.js:2287
[  293996ms] [LOG] [Fast Refresh] done in 121ms @ http://localhost:3000/_next/static/chunks/node_modules_next_dist_7a8122d0._.js:2287
[  297497ms] [LOG] [Fast Refresh] rebuilding @ http://localhost:3000/_next/static/chunks/node_modules_next_dist_7a8122d0._.js:2287
[  297593ms] [LOG] [Fast Refresh] done in 196ms @ http://localhost:3000/_next/static/chunks/node_modules_next_dist_7a8122d0._.js:2287
