[     102ms] [INFO] %cDownload the React DevTools for a better development experience: https://react.dev/link/react-devtools font-weight:bold @ http://localhost:3000/_next/static/chunks/node_modules_next_dist_7a8122d0._.js:2287
[     113ms] [LOG] [HMR] connected @ http://localhost:3000/_next/static/chunks/node_modules_next_dist_7a8122d0._.js:2287
[     136ms] Error: Hydration failed because the server rendered HTML didn't match the client. As a result this tree will be regenerated on the client. This can happen if a SSR-ed Client Component used:

- A server/client branch `if (typeof window !== 'undefined')`.
- Variable input such as `Date.now()` or `Math.random()` which changes each time it's called.
- Date formatting in a user's locale which doesn't match the server.
- External changing data without sending a snapshot of it along with the HTML.
- Invalid HTML tag nesting.

It can also happen if the client has a browser extension installed which messes with the HTML before React loaded.

https://react.dev/link/hydration-mismatch

  ...
    <HTTPAccessFallbackErrorBoundary pathname="/subscribe" notFound={<NotAllowedRootHTTPFallbackError>} ...>
      <RedirectBoundary>
        <RedirectErrorBoundary router={{...}}>
          <Head>
          <__next_root_layout_boundary__>
            <SegmentViewNode type="layout" pagePath="layout.js">
              <SegmentTrieNode>
              <link>
              <script>
              <script>
              <script>
              <script>
              <script>
              <script>
              <RootLayout>
                <html lang="en">
                  <Script>
                  <Script>
                  <Script>
                  <body className="geist_2ae4..." style={{...}}>
                    <UserProvider>
                      <ResponsiveAppBar>
                        <AppBar position="static" style={{...}}>
                          <MuiAppBar-root square={true} component="header" ownerState={{position:"...", ...}} ...>
                            <Insertion>
                            <Paper square={true} component="header" elevation={4} className="MuiAppBar-..." style={{...}}>
                              <MuiPaper-root as="header" ownerState={{square:true, ...}} className="MuiPaper-r..." ...>
                                <Insertion>
+                               <header
+                                 className="MuiPaper-root MuiPaper-elevation MuiPaper-elevation4 MuiAppBar-root MuiAp..."
+                                 style={{--Paper-shadow:"0px 2px 4p...",background:"#f5f5f5",color:"black",padding:"10px"}}
+                               >
-                               <style data-emotion="css 18vd4ya-MuiAppBar-root" data-s="">
                      ...
          ...

    at throwOnHydrationMismatch (http://localhost:3000/_next/static/chunks/node_modules_next_dist_compiled_react-dom_1e674e59._.js:3342:56)
    at beginWork (http://localhost:3000/_next/static/chunks/node_modules_next_dist_compiled_react-dom_1e674e59._.js:6769:918)
    at runWithFiberInDEV (http://localhost:3000/_next/static/chunks/node_modules_next_dist_compiled_react-dom_1e674e59._.js:959:74)
    at performUnitOfWork (http://localhost:3000/_next/static/chunks/node_modules_next_dist_compiled_react-dom_1e674e59._.js:9556:97)
    at workLoopConcurrentByScheduler (http://localhost:3000/_next/static/chunks/node_modules_next_dist_compiled_react-dom_1e674e59._.js:9552:58)
    at renderRootConcurrent (http://localhost:3000/_next/static/chunks/node_modules_next_dist_compiled_react-dom_1e674e59._.js:9535:71)
    at performWorkOnRoot (http://localhost:3000/_next/static/chunks/node_modules_next_dist_compiled_react-dom_1e674e59._.js:9062:150)
    at performWorkOnRootViaSchedulerTask (http://localhost:3000/_next/static/chunks/node_modules_next_dist_compiled_react-dom_1e674e59._.js:10224:9)
    at MessagePort.performWorkUntilDeadline (http://localhost:3000/_next/static/chunks/node_modules_next_dist_compiled_a0e4c7b4._.js:2647:64)
[     149ms] [WARNING] Image with src "/images/GFmarkandName.webp" has "fill" and parent element with invalid "position". Provided "static" should be one of absolute,fixed,relative. @ http://localhost:3000/_next/static/chunks/node_modules_next_dist_7a8122d0._.js:2287
[     163ms] [WARNING] For security reasons, Hotjar only works over HTTPS. Learn more: https://help.hotjar.com/hc/en-us/articles/115011624047 @ http://localhost:3000/_next/static/chunks/node_modules_next_dist_7a8122d0._.js:2287
