Media found for: n7VXCMP9  header:  video/mp4
Media found for: UwSbT4bF  header:  video/mp4
Media found for: jEHx2o9R  header:  video/mp4
Media found for: O93SsEHk  header:  video/mp4
Media found for: UCGHRpMp  header:  video/mp4
Media found for: jTRUtQhq  header:  video/mp4
Media found for: Yl3kLHf6  header:  video/mp4
Media found for: o2GN21d5  header:  video/mp4
Media found for: Curj8jj8  header:  video/mp4
Media found for: 0wd6J4TS  header:  video/mp4
Media found for: 2yO4CxF4  header:  video/mp4
Media NOT FOUND FOR ID: m4G6ceFw
Media NOT FOUND FOR ID: 1IzvhWMT
Media found for: ksQ2XVKX  header:  video/mp4
Media NOT FOUND FOR ID: GC4lnrua
Media NOT FOUND FOR ID: PRmZEddJ
Media NOT FOUND FOR ID: ErCBQBdA
Media NOT FOUND FOR ID: 6XMvq4m6
Media found for: yrqyfJp5  header:  video/mp4
Media NOT FOUND FOR ID: EpgsvjRM
Media NOT FOUND FOR ID: 7z5CciPK
Media NOT FOUND FOR ID: IcZIQPtz
Media found for: 6Y7BSHi0  header:  video/mp4
Media found for: lpZAEBEv  header:  video/mp4
Media NOT FOUND FOR ID: rwYUWj05
Media NOT FOUND FOR ID: F5qs7wb7
Media NOT FOUND FOR ID: xkgxlY1s
Media NOT FOUND FOR ID: 9bqmDdjH
Media found for: UwSbT4bF  header:  video/mp4
Media found for: O93SsEHk  header:  video/mp4
Media NOT FOUND FOR ID: fEUvHS01
Media found for: oiQM4jBe  header:  video/mp4
Media NOT FOUND FOR ID: 55fWSFZl
Media NOT FOUND FOR ID: vbBfA4Pd
Media found for: mNxuQc4W  header:  video/mp4
Media NOT FOUND FOR ID: 9tcIgshf
Media NOT FOUND FOR ID: mSO67f60
Media found for: mB7W9hZ9  header:  video/mp4
Media NOT FOUND FOR ID: lebba41G
Media found for: F9A8BsSN  header:  video/mp4
Media NOT FOUND FOR ID: hU1Z2wSs
Media NOT FOUND FOR ID: 7Ijsex8L
Media NOT FOUND FOR ID: Bvr7JpGq
Media NOT FOUND FOR ID: d2y9IYSQ
Media found for: 4Uw9tJm9  header:  video/mp4
Media found for: TajNwr3k  header:  video/mp4
Media found for: oKa1rSlq  header:  video/mp4
Media found for: Jq64Kmcg  header:  video/mp4
Media found for: hQWuMZvH  header:  video/mp4
Media found for: zhgu6OPL  header:  video/mp4
Media NOT FOUND FOR ID: 6U0XLHa3
Media NOT FOUND FOR ID: 3f2MBcKh
Media NOT FOUND FOR ID: hH2frMMC
Media NOT FOUND FOR ID: dbW6MSQ0
Media NOT FOUND FOR ID: AoVv2qco
Media NOT FOUND FOR ID: xzlAuVyv
Media NOT FOUND FOR ID: HYA9NFa5
Media found for: OBXJGH42  header:  video/mp4
Media NOT FOUND FOR ID: VnVjRvJm
Media NOT FOUND FOR ID: dmiiWvBU
Media NOT FOUND FOR ID: akSgRQU9
Media found for: qcU6AP0x  header:  video/mp4
Media NOT FOUND FOR ID: bohgzEP9
Media NOT FOUND FOR ID: ITnrK2Ng
Media NOT FOUND FOR ID: cqFEJKmL
Media NOT FOUND FOR ID: 4LmWIaPM
Media NOT FOUND FOR ID: l6GdRXwI
Media found for: Zlq49d3l  header:  video/mp4
Media found for: zhgu6OPL  header:  video/mp4
Media found for: UwSbT4bF  header:  video/mp4
Media found for: 2yO4CxF4  header:  video/mp4
Media found for: TK9yBhxI  header:  video/mp4
Media found for: kqz5HWem  header:  video/mp4
Media found for: zRSGGFQZ  header:  video/mp4
Media found for: qvjthoZO  header:  video/mp4
Media found for: 2aQFU1Mw  header:  video/mp4
Media found for: jmJqfXiN  header:  video/mp4
Media found for: i09XiU8J  header:  video/mp4
Media found for: b3e81oAl  header:  video/mp4
Media found for: 9p6bq8Tf  header:  video/mp4
Media found for: 3cEwEg5K  header:  video/mp4
Media found for: 7ifuIU7J  header:  video/mp4
Media found for: oLqN8dP1  header:  video/mp4
Media found for: ToX7He5c  header:  video/mp4
Media found for: zDMoEK2J  header:  video/mp4
Media found for: Xq2tAPpa  header:  video/mp4
Media found for: yvmVGk4P  header:  video/mp4
Media found for: 85sRVC31  header:  video/mp4
Media found for: PdRJxAED  header:  video/mp4
Media found for: 4hCEnL4p  header:  video/mp4
Media found for: EKc6twYy  header:  video/mp4
Media found for: 2cGMO264  header:  video/mp4
Media found for: cUYd21xM  header:  video/mp4
Media found for: ninFlJAq  header:  video/mp4
Media found for: RMuN6KGb  header:  video/mp4
Media found for: AO57eKUN  header:  video/mp4
Media found for: EPqB83RP  header:  video/mp4
Media found for: dA3rOtRH  header:  video/mp4
Media found for: XM3BdgNr  header:  video/mp4
Media found for: yDEkSg2e  header:  video/mp4
Media found for: Z9g7okSS  header:  video/mp4
Media found for: 3bac3y3F  header:  video/mp4
Media found for: oKa1rSlq  header:  video/mp4
Media found for: Rg4k8tNb  header:  video/mp4
Media found for: 7Y0QUflf  header:  video/mp4
Media found for: wurqqQec  header:  video/mp4
Media found for: ypg0ScnW  header:  video/mp4
Media found for: P86IauCL  header:  video/mp4
Media found for: hUA22fAR  header:  video/mp4
Media found for: WeF8D1x7  header:  video/mp4
Media found for: I2FuaOSK  header:  video/mp4
Media found for: uqwneU6A  header:  video/mp4
Media found for: YcQ8fDSx  header:  video/mp4
Media found for: 7BLoSQDK  header:  video/mp4
Media found for: boX889qx  header:  video/mp4
Media found for: qKNpnSdN  header:  video/mp4
Media found for: jAGMNBH1  header:  video/mp4
Media found for: e4ESlyTk  header:  video/mp4
Media found for: TK9yBhxI  header:  video/mp4
Media found for: kqz5HWem  header:  video/mp4
Media found for: zRSGGFQZ  header:  video/mp4
Media found for: qvjthoZO  header:  video/mp4
Media found for: 2aQFU1Mw  header:  video/mp4
Media found for: jmJqfXiN  header:  video/mp4
Media found for: i09XiU8J  header:  video/mp4
Media found for: b3e81oAl  header:  video/mp4
Media found for: 9p6bq8Tf  header:  video/mp4
Media found for: 3cEwEg5K  header:  video/mp4
Media found for: 7ifuIU7J  header:  video/mp4
Media found for: oLqN8dP1  header:  video/mp4
Media found for: ToX7He5c  header:  video/mp4
Media found for: zDMoEK2J  header:  video/mp4
Media found for: Xq2tAPpa  header:  video/mp4
Media found for: yvmVGk4P  header:  video/mp4
Media found for: 85sRVC31  header:  video/mp4
Media found for: PdRJxAED  header:  video/mp4
Media found for: 4hCEnL4p  header:  video/mp4
Media found for: EKc6twYy  header:  video/mp4
Media found for: 2cGMO264  header:  video/mp4
Media found for: cUYd21xM  header:  video/mp4
Media found for: ninFlJAq  header:  video/mp4
Media found for: RMuN6KGb  header:  video/mp4
Media found for: AO57eKUN  header:  video/mp4
Media found for: EPqB83RP  header:  video/mp4
Media found for: dA3rOtRH  header:  video/mp4
Media found for: XM3BdgNr  header:  video/mp4
Media found for: yDEkSg2e  header:  video/mp4
Media found for: Z9g7okSS  header:  video/mp4
Media found for: HHRT3v7E  header:  video/mp4
Media found for: hQWuMZvH  header:  video/mp4
Media found for: fSt3rrqv  header:  video/mp4
Media found for: dR7zwJpL  header:  video/mp4
Media found for: 5OoEkhNc  header:  video/mp4
Media found for: ADqwJRdG  header:  video/mp4
Media found for: qwkQ0Rpb  header:  video/mp4
Media found for: kRG5ejOz  header:  video/mp4
Media found for: Yl3kLHf6  header:  video/mp4
Media found for: tlRqzssB  header:  video/mp4
Media found for: IKm6sdvP  header:  video/mp4
Media found for: LvqIgGIp  header:  video/mp4
Media found for: dLQcrjtK  header:  video/mp4
Media found for: 46TnEjfh  header:  video/mp4
Media found for: JCfDUlyc  header:  video/mp4
Media found for: Xp8yWBYZ  header:  video/mp4
Media found for: FZkzwQrg  header:  video/mp4
Media found for: tuxHnKuF  header:  video/mp4
Media found for: YV7VLEaL  header:  video/mp4
Media found for: 7ty2vdqv  header:  video/mp4
Media found for: qQ7iQMnh  header:  video/mp4
Media found for: WVBxvuuB  header:  video/mp4
Media found for: BvO0DGKx  header:  video/mp4
Media found for: oNXIN6o7  header:  video/mp4
Media found for: KsNGVhDC  header:  video/mp4
Media found for: lRHa169A  header:  video/mp4
Media found for: bhYOD2lh  header:  video/mp4
Media found for: GpCO2xuz  header:  video/mp4
Media found for: 9UADz6Qb  header:  video/mp4
Media found for: a3VObsWz  header:  video/mp4
Media found for: ifmEehac  header:  video/mp4
Media found for: Z1njjhxI  header:  video/mp4
Media found for: LBgmUfoi  header:  video/mp4
Media found for: gnuko5m5  header:  video/mp4
Media found for: J4ichn8V  header:  video/mp4
Media found for: dGGAAB8K  header:  video/mp4
Media found for: SiwKGqYw  header:  video/mp4
Media found for: RnHpBoPM  header:  video/mp4
Media found for: 5XTTWF9G  header:  video/mp4
Media found for: aqoF3CEa  header:  video/mp4
Media found for: ShsIhtjD  header:  video/mp4
Media found for: NaeI0WU9  header:  video/mp4
Media found for: WA2YRETv  header:  video/mp4
Media found for: 2DguMbbN  header:  video/mp4
Media found for: J6YVXB0m  header:  video/mp4
Media found for: NQWo2jg3  header:  video/mp4
Media found for: ZOZezC65  header:  video/mp4
Media found for: YqBl4VcH  header:  video/mp4
Media found for: eyPNAAJm  header:  video/mp4
Media found for: h5y9r45K  header:  video/mp4
Media found for: f2JwY9l4  header:  video/mp4
Media found for: 83NuHC33  header:  video/mp4
Media NOT FOUND FOR ID: laiG57nW
Media found for: VhqeghVu  header:  video/mp4
Media found for: URSSjLMW  header:  video/mp4
Media found for: ypg0ScnW  header:  video/mp4
Media found for: W1wRyY9j  header:  video/mp4
Media found for: zX80bDPe  header:  video/mp4
Media found for: d7RdO2Vl  header:  video/mp4
Media found for: JaFfE2Sy  header:  video/mp4
Media found for: GaQ0ULPY  header:  video/mp4
Media found for: A6PUqvuP  header:  video/mp4
Media found for: SU9KoopR  header:  video/mp4
Media found for: wurqqQec  header:  video/mp4
Media found for: QTGVosfL  header:  video/mp4
Media found for: 9jyKR7My  header:  video/mp4
Media found for: qElzBN5U  header:  video/mp4
Media found for: Ihu0Wtho  header:  video/mp4
Media found for: yCIn3bHC  header:  video/mp4
Media found for: czQvoI3m  header:  video/mp4
Media found for: 9Qgp0L53  header:  video/mp4
Media found for: Li4z1J2j  header:  video/mp4
Media found for: Rg4k8tNb  header:  video/mp4
Media found for: wYmZPHTA  header:  video/mp4
Media found for: dT4RjBSo  header:  video/mp4
Media found for: PKygJWno  header:  video/mp4
Media found for: Lw6yvi9p  header:  video/mp4
Media found for: sHCeQEoQ  header:  video/mp4
Media found for: b0QMfJeQ  header:  video/mp4
Media found for: s82lyskr  header:  video/mp4
Media found for: gIv8FRPd  header:  video/mp4
Media found for: sSRrkUCz  header:  video/mp4
Media found for: xfmL1n3a  header:  video/mp4
Media found for: WkRmvz1T  header:  video/mp4
Media found for: WvQ7N6Hs  header:  video/mp4
Media found for: P86IauCL  header:  video/mp4
Media found for: iyasHFQG  header:  video/mp4
Media found for: R6RtgXHq  header:  video/mp4
Media found for: e1Kl8SB3  header:  video/mp4
Media found for: TtRvpOeW  header:  video/mp4
Media found for: cvIzaEly  header:  video/mp4
Media found for: HHhO0fRS  header:  video/mp4
Media found for: PPhVvdAi  header:  video/mp4
Media found for: 2Wm3MgGt  header:  video/mp4
Media found for: oKa1rSlq  header:  video/mp4
Media found for: PttGbdIb  header:  video/mp4
Media found for: Q7Ipfkha  header:  video/mp4
Media found for: FJbkSVpb  header:  video/mp4
Media found for: dKPk22aQ  header:  video/mp4
Media found for: kYw4r7GQ  header:  video/mp4
Media found for: taf3cqUX  header:  video/mp4
Media found for: xTvGsZmk  header:  video/mp4
Media found for: dq3uSs6R  header:  video/mp4
Media found for: ULlrD6jj  header:  video/mp4
Media found for: OeVreK2R  header:  video/mp4
Media found for: 4Itd9ppU  header:  video/mp4
Media found for: lPCehtdq  header:  video/mp4
Media found for: 3bac3y3F  header:  video/mp4
Media found for: Y0uV6BoN  header:  video/mp4
Media found for: B8OytW6O  header:  video/mp4
Media found for: ds3ymefr  header:  video/mp4
Media found for: ScPrE25b  header:  video/mp4
Media found for: cjmGnLjO  header:  video/mp4
Media found for: VqYU8MEb  header:  video/mp4
Media found for: CzVf7Yn6  header:  video/mp4
Media found for: Hax3EHi4  header:  video/mp4
Media found for: quyDmcRx  header:  video/mp4
Media found for: RTf39XMy  header:  video/mp4
Media found for: M70z9Gcv  header:  video/mp4
Media found for: ZSltGL8j  header:  video/mp4
Media found for: vpnZLIMk  header:  video/mp4
Media found for: QkmNzhul  header:  video/mp4
Media found for: iAIdaSQM  header:  video/mp4
Media found for: ZxfPNKJt  header:  video/mp4
Media found for: wLQ7eipW  header:  video/mp4
Media found for: qahTFk7a  header:  video/mp4
Media found for: ZRLIsMBx  header:  video/mp4
Media found for: z7LeOSy3  header:  video/mp4
